2025-11-13 22:59:27 - {
                    "requestId":"021d-4b03-a4cf-2736d215a81e17497",
                    "errorCode": "401.003.01",
                    "errorMessage": "Error Occurred - Invalid Access Token - "
                }
            
2025-11-13 22:59:34 - <html style="height:100%"><head><META NAME="ROBOTS" CONTENT="NOINDEX, NOFOLLOW"><meta name="format-detection" content="telephone=no"><meta name="viewport" content="initial-scale=1.0"><meta http-equiv="X-UA-Compatible" content="IE=edge,chrome=1"></head><body style="margin:0px;height:100%"><iframe id="main-iframe" src="/_Incapsula_Resource?CWUDNSAI=23&xinfo=50-27217831-0%200NNN%20RT%281763071174760%20120%29%20q%280%20-1%20-1%20-1%29%20r%280%20-1%29%20B15%2811%2c6926146%2c0%29%20U6&incident_id=942000150171413330-144466748390638578&edet=15&cinfo=0b000000&rpinfo=0&cip=154.159.252.112&mth=POST" frameborder=0 width="100%" height="100%" marginheight="0px" marginwidth="0px">Request unsuccessful. Incapsula incident ID: 942000150171413330-144466748390638578</iframe></body></html>
2025-11-15 18:19:31 - {
                    "requestId":"a76e-40fa-9c9a-c73a8e0b045f831",
                    "errorCode": "401.003.01",
                    "errorMessage": "Error Occurred - Invalid Access Token - "
                }
            
2025-11-15 18:19:40 - {
                    "requestId":"b6df-4f78-9778-4b510dce9e905023",
                    "errorCode": "401.003.01",
                    "errorMessage": "Error Occurred - Invalid Access Token - "
                }
            
2025-11-15 18:30:42 - {
                    "requestId":"ffad-4664-bc32-93e198ba96005406",
                    "errorCode": "401.003.01",
                    "errorMessage": "Error Occurred - Invalid Access Token - "
                }
            
2025-11-15 18:30:50 - {
                    "requestId":"b6df-4f78-9778-4b510dce9e905097",
                    "errorCode": "401.003.01",
                    "errorMessage": "Error Occurred - Invalid Access Token - "
                }
            
2025-11-15 18:30:59 - {
                    "requestId":"a76e-40fa-9c9a-c73a8e0b045f912",
                    "errorCode": "401.003.01",
                    "errorMessage": "Error Occurred - Invalid Access Token - "
                }
            
2025-11-15 18:31:07 - <html style="height:100%"><head><META NAME="ROBOTS" CONTENT="NOINDEX, NOFOLLOW"><meta name="format-detection" content="telephone=no"><meta name="viewport" content="initial-scale=1.0"><meta http-equiv="X-UA-Compatible" content="IE=edge,chrome=1"></head><body style="margin:0px;height:100%"><iframe id="main-iframe" src="/_Incapsula_Resource?CWUDNSAI=23&xinfo=45-46876009-0%200NNN%20RT%281763227867035%20276%29%20q%280%20-1%20-1%20-1%29%20r%280%20-1%29%20B15%2811%2c6926146%2c0%29%20U6&incident_id=942000150477871140-249101269936767981&edet=15&cinfo=0b000000&rpinfo=0&cip=154.159.252.151&mth=POST" frameborder=0 width="100%" height="100%" marginheight="0px" marginwidth="0px">Request unsuccessful. Incapsula incident ID: 942000150477871140-249101269936767981</iframe></body></html>
2025-11-15 18:31:39 - {
                    "requestId":"a1d9-440f-8a5e-08cdea85f6205143",
                    "errorCode": "401.003.01",
                    "errorMessage": "Error Occurred - Invalid Access Token - "
                }
            
2025-11-15 18:33:25 - {
                    "requestId":"2ede-4e9f-b9eb-cc62160044115212",
                    "errorCode": "401.003.01",
                    "errorMessage": "Error Occurred - Invalid Access Token - "
                }
            
2025-11-15 18:33:34 - {
                    "requestId":"73e1-49e6-af7c-4fd21be052c36882",
                    "errorCode": "401.003.01",
                    "errorMessage": "Error Occurred - Invalid Access Token - "
                }
            
2025-11-15 18:35:54 - {
                    "requestId":"a1d9-440f-8a5e-08cdea85f6205172",
                    "errorCode": "401.003.01",
                    "errorMessage": "Error Occurred - Invalid Access Token - "
                }
            
2025-11-15 18:36:01 - {
                    "requestId":"a76e-40fa-9c9a-c73a8e0b045f956",
                    "errorCode": "401.003.01",
                    "errorMessage": "Error Occurred - Invalid Access Token - "
                }
            
2025-11-15 18:36:08 - {
                    "requestId":"ffad-4664-bc32-93e198ba96005432",
                    "errorCode": "401.003.01",
                    "errorMessage": "Error Occurred - Invalid Access Token - "
                }
            
2025-11-15 18:37:32 - {
                    "requestId":"73e1-49e6-af7c-4fd21be052c36913",
                    "errorCode": "401.003.01",
                    "errorMessage": "Error Occurred - Invalid Access Token - "
                }
            
2025-11-15 18:37:43 - {
                    "requestId":"b6df-4f78-9778-4b510dce9e905151",
                    "errorCode": "401.003.01",
                    "errorMessage": "Error Occurred - Invalid Access Token - "
                }
            
2025-11-15 18:42:04 - {
                    "requestId":"2ede-4e9f-b9eb-cc62160044115282",
                    "errorCode": "401.003.01",
                    "errorMessage": "Error Occurred - Invalid Access Token - "
                }
            
2025-11-15 18:42:14 - {
                    "requestId":"a1d9-440f-8a5e-08cdea85f6205215",
                    "errorCode": "401.003.01",
                    "errorMessage": "Error Occurred - Invalid Access Token - "
                }
            
2025-11-15 18:42:52 - {
                    "requestId":"a1d9-440f-8a5e-08cdea85f6205216",
                    "errorCode": "401.003.01",
                    "errorMessage": "Error Occurred - Invalid Access Token - "
                }
            
2025-11-16 07:39:46 - {
                    "requestId":"61fa-4a78-a234-c6beaef9e85b6560",
                    "errorCode": "401.003.01",
                    "errorMessage": "Error Occurred - Invalid Access Token - "
                }
            
2025-11-17 13:49:19 - {
                    "requestId":"6d9e-45c8-b2d8-97322f8d1fdf3715",
                    "errorCode": "401.003.01",
                    "errorMessage": "Error Occurred - Invalid Access Token - "
                }
            
2025-11-17 13:49:27 - {
                    "requestId":"282b-4e73-b92e-350b61bcdef01150",
                    "errorCode": "401.003.01",
                    "errorMessage": "Error Occurred - Invalid Access Token - "
                }
            
2025-11-17 13:49:38 - {
                    "requestId":"753b-47a2-8526-51339f4405d43688",
                    "errorCode": "401.003.01",
                    "errorMessage": "Error Occurred - Invalid Access Token - "
                }
            
2025-11-17 13:51:57 - {
                    "requestId":"753b-47a2-8526-51339f4405d43704",
                    "errorCode": "401.003.01",
                    "errorMessage": "Error Occurred - Invalid Access Token - "
                }
            
2025-11-17 13:52:08 - {
                    "requestId":"282b-4e73-b92e-350b61bcdef01178",
                    "errorCode": "401.003.01",
                    "errorMessage": "Error Occurred - Invalid Access Token - "
                }
            
2025-11-17 13:52:38 - {
                    "requestId":"282b-4e73-b92e-350b61bcdef01180",
                    "errorCode": "401.003.01",
                    "errorMessage": "Error Occurred - Invalid Access Token - "
                }
            
2025-11-17 14:18:50 - {
                    "requestId":"8629-4ed8-898d-ea58f97faa7c3382",
                    "errorCode": "401.003.01",
                    "errorMessage": "Error Occurred - Invalid Access Token - "
                }
            
2025-11-17 14:19:20 - {
                    "requestId":"6d9e-45c8-b2d8-97322f8d1fdf3976",
                    "errorCode": "401.003.01",
                    "errorMessage": "Error Occurred - Invalid Access Token - "
                }
            
2025-11-17 18:14:15 - {
            "OriginatorCoversationID": "8629-4ed8-898d-ea58f97faa7c5429",
            "ResponseCode": "0",
            "ResponseDescription": "Accept the service request successfully."
        }
        
2025-11-17 18:15:38 - {
            "OriginatorCoversationID": "282b-4e73-b92e-350b61bcdef03369",
            "ResponseCode": "0",
            "ResponseDescription": "Accept the service request successfully."
        }
        
2025-11-17 18:18:26 - {
            "OriginatorCoversationID": "6d9e-45c8-b2d8-97322f8d1fdf6044",
            "ResponseCode": "0",
            "ResponseDescription": "Accept the service request successfully."
        }
        
2025-11-17 18:19:43 - {
            "OriginatorCoversationID": "753b-47a2-8526-51339f4405d45965",
            "ResponseCode": "0",
            "ResponseDescription": "Accept the service request successfully."
        }
        
2025-11-17 18:27:00 - {
            "OriginatorCoversationID": "6d9e-45c8-b2d8-97322f8d1fdf6124",
            "ResponseCode": "0",
            "ResponseDescription": "Accept the service request successfully."
        }
        
2025-11-17 18:28:45 - {
            "OriginatorCoversationID": "6d9e-45c8-b2d8-97322f8d1fdf6130",
            "ResponseCode": "0",
            "ResponseDescription": "Accept the service request successfully."
        }
        
2025-11-17 18:29:00 - {
            "OriginatorCoversationID": "6d9e-45c8-b2d8-97322f8d1fdf6135",
            "ResponseCode": "0",
            "ResponseDescription": "Accept the service request successfully."
        }
        
2025-11-17 18:37:27 - {
            "OriginatorCoversationID": "6d9e-45c8-b2d8-97322f8d1fdf6202",
            "ResponseCode": "0",
            "ResponseDescription": "Accept the service request successfully."
        }
        
2025-11-17 18:37:52 - {
            "OriginatorCoversationID": "753b-47a2-8526-51339f4405d46134",
            "ResponseCode": "0",
            "ResponseDescription": "Accept the service request successfully."
        }
        
2025-11-17 18:43:18 - {
            "OriginatorCoversationID": "6d9e-45c8-b2d8-97322f8d1fdf6266",
            "ResponseCode": "0",
            "ResponseDescription": "Accept the service request successfully."
        }
        
2025-11-17 18:43:55 - {
            "OriginatorCoversationID": "8629-4ed8-898d-ea58f97faa7c5665",
            "ResponseCode": "0",
            "ResponseDescription": "Accept the service request successfully."
        }
        
2025-11-17 18:48:13 - {
            "OriginatorCoversationID": "282b-4e73-b92e-350b61bcdef03619",
            "ResponseCode": "0",
            "ResponseDescription": "Accept the service request successfully."
        }
        
2025-11-17 19:12:31 - {
            "OriginatorCoversationID": "8629-4ed8-898d-ea58f97faa7c5947",
            "ResponseCode": "0",
            "ResponseDescription": "Accept the service request successfully."
        }
        
2025-11-17 20:15:17 - {
            "OriginatorCoversationID": "282b-4e73-b92e-350b61bcdef04320",
            "ResponseCode": "0",
            "ResponseDescription": "Accept the service request successfully."
        }
        
2025-11-17 20:20:29 - {
            "OriginatorCoversationID": "6d9e-45c8-b2d8-97322f8d1fdf7124",
            "ResponseCode": "0",
            "ResponseDescription": "Accept the service request successfully."
        }
        
2025-11-17 21:18:10 - {
            "OriginatorCoversationID": "282b-4e73-b92e-350b61bcdef04803",
            "ResponseCode": "0",
            "ResponseDescription": "Accept the service request successfully."
        }
        
2025-11-17 22:03:10 - {
            "OriginatorCoversationID": "fa63-4a29-98df-b8b046a0c61a1888",
            "ResponseCode": "0",
            "ResponseDescription": "Accept the service request successfully."
        }
        
2025-11-17 22:23:12 - {
            "OriginatorCoversationID": "5905-4842-9145-885394407093406",
            "ResponseCode": "0",
            "ResponseDescription": "Accept the service request successfully."
        }
        
2025-11-18 10:59:33 - {
            "OriginatorCoversationID": "5905-4842-9145-8853944070931310",
            "ResponseCode": "0",
            "ResponseDescription": "Accept the service request successfully."
        }
        
2025-11-18 12:24:19 - {
            "OriginatorCoversationID": "fa63-4a29-98df-b8b046a0c61a3915",
            "ResponseCode": "0",
            "ResponseDescription": "Accept the service request successfully."
        }
        
2025-11-18 12:50:51 - {
            "OriginatorCoversationID": "5905-4842-9145-8853944070932381",
            "ResponseCode": "0",
            "ResponseDescription": "Accept the service request successfully."
        }
        
2025-11-18 16:40:43 - {
            "OriginatorCoversationID": "c742-474c-b56f-0858c0495d818682",
            "ResponseCode": "0",
            "ResponseDescription": "Accept the service request successfully."
        }
        
2025-11-19 13:09:24 - {
            "OriginatorCoversationID": "1238-4295-9b16-888c201c054f16078",
            "ResponseCode": "0",
            "ResponseDescription": "Accept the service request successfully."
        }
        
2025-11-20 15:25:03 - {
            "OriginatorCoversationID": "6efb-49b4-a783-bbbc34f683ee15741",
            "ResponseCode": "0",
            "ResponseDescription": "Accept the service request successfully."
        }
        
2025-11-20 15:25:33 - {
                    "requestId":"8c9d-4530-905a-aac5b1fe5f4e2517",
                    "errorCode": "500.002.1001",
                    "errorMessage": "Internal Server Error"
                }
            
2025-11-20 15:25:38 - {
            "OriginatorCoversationID": "6efb-49b4-a783-bbbc34f683ee15745",
            "ResponseCode": "0",
            "ResponseDescription": "Accept the service request successfully."
        }
        
2025-11-20 15:26:48 - {
            "OriginatorCoversationID": "63d5-42c3-9c05-cc7c2235c8c211421",
            "ResponseCode": "0",
            "ResponseDescription": "Accept the service request successfully."
        }
        
2025-11-20 15:29:16 - {
            "OriginatorCoversationID": "8c9d-4530-905a-aac5b1fe5f4e2545",
            "ResponseCode": "0",
            "ResponseDescription": "Accept the service request successfully."
        }
        
2025-11-23 10:42:47 - {
            "OriginatorCoversationID": "24bd-49d7-97db-56c7d3e91a638537",
            "ResponseCode": "0",
            "ResponseDescription": "Accept the service request successfully."
        }
        
